 
****************************************
Report : cell
Design : MyDesign
Version: K-2015.06-SP1
Date   : Fri Nov 30 14:29:47 2018
****************************************

Attributes:
    b - black box (unknown)
    h - hierarchical
    n - noncombinational
    p - parameterized
    r - removable
    u - contains unmapped logic

Cell                      Reference       Library             Area  Attributes
--------------------------------------------------------------------------------
Hcounter                  counter_h_1                      23.9400  h, n, p
U1                        INV_X4          NangateOpenCellLibrary_PDKv1_2_v2008_10_slow_nldm
                                                            0.5320  
U2                        INV_X4          NangateOpenCellLibrary_PDKv1_2_v2008_10_slow_nldm
                                                            0.5320  
hashBlock                 hash                            1688.0360 h, n, p
hashSignal                go_0                              6.6500  h, n
hashStore                 store_hash                      517.3700  h, n, p
hashUpdate                hash_update                     5124.7561 h, n, p
hashUpdateCounter         counter_hashupdate               57.1900  h, n, p
hashUpdateSignal          msgEn_1                           6.3840  h, n
kBlock                    k_vector                        240.9960  h, n, p
msgBlock                  msg_vector                      3919.7761 h, n, p
msgCounter                counter                          88.3120  h, n, p
msgSignal                 go_1                              6.6500  h, n
registerFINISH            registerIO1_1                     4.7880  h, n
registerGO                registerIO1_0                     4.7880  h, n
registerHashAddress       registerIO3_0                    14.3640  h, n
registerHashData          registerIO32_0                  153.2160  h, n
registerHashEnable        registerIO1_7                     4.7880  h, n
registerHashWrite         registerIO1_6                     4.7880  h, n
registerKAddress          registerIO6_1                    28.7280  h, n
registerKData             registerIO32_2                  153.2160  h, n
registerKEnable           registerIO1_5                     4.7880  h, n
registerKWrite            registerIO1_4                     4.7880  h, n
registerMSGAddress        registerIO6_2                    28.7280  h, n
registerMSGData           registerIO8                      38.3040  h, n
registerMSGEnable         registerIO1_9                     4.7880  h, n
registerMSGLength         registerIO6_0                    28.7280  h, n
registerMSGWrite          registerIO1_8                     4.7880  h, n
registerOutputAddress     registerIO3_1                    14.3640  h, n
registerOutputData        registerIO32_1                  153.2160  h, n
registerOutputEnable      registerIO1_3                     4.7880  h, n
registerOutputWrite       registerIO1_2                     4.7880  h, n
storeHashCounter          counter_h_0                      26.3340  h, n, p
storeHashSignal           msgEn_0                           6.3840  h, n
wBlock                    w64                             20913.1863
                                                                    h, n, p
wkCounter                 counter_wk                       57.1900  h, n, p
wkSignal                  wEn                               6.6500  h, n
--------------------------------------------------------------------------------
Total 37 cells                                            33351.6126
1
