Information: Updating design information... (UID-85)
Warning: Design 'MyDesign' contains 1 high-fanout nets. A fanout number of 1000 will be used for delay calculations involving these nets. (TIM-134)
 
****************************************
Report : timing
        -path full
        -delay max
        -max_paths 1
Design : MyDesign
Version: K-2015.06-SP1
Date   : Sat Nov 24 18:43:04 2018
****************************************

 # A fanout number of 1000 was used for high fanout net computations.

Operating Conditions: slow   Library: NangateOpenCellLibrary_PDKv1_2_v2008_10_slow_nldm
Wire Load Model Mode: top

  Startpoint: wkCounter/read_address_reg[4]
              (rising edge-triggered flip-flop clocked by clk)
  Endpoint: wBlock/w_vector_reg[607]
            (rising edge-triggered flip-flop clocked by clk)
  Path Group: clk
  Path Type: max

  Point                                                   Incr       Path
  --------------------------------------------------------------------------
  clock clk (rise edge)                                 0.0000     0.0000
  clock network delay (ideal)                           0.0000     0.0000
  wkCounter/read_address_reg[4]/CK (DFF_X2)             0.0000 #   0.0000 r
  wkCounter/read_address_reg[4]/Q (DFF_X2)              0.8421     0.8421 r
  wkCounter/read_address[4] (counter_wk_1)              0.0000     0.8421 r
  wBlock/w_vector_index[4] (w64)                        0.0000     0.8421 r
  wBlock/U6611/ZN (INV_X4)                              0.0415     0.8836 f
  wBlock/U6570/ZN (NOR2_X1)                             0.2009     1.0845 r
  wBlock/U144/ZN (AND2_X4)                              0.4576     1.5421 r
  wBlock/U150/ZN (AND2_X4)                              0.7784     2.3205 r
  wBlock/U563/ZN (INV_X4)                               0.4146     2.7351 f
  wBlock/U6559/ZN (OAI222_X1)                           0.7522     3.4872 r
  wBlock/U3971/ZN (NOR4_X2)                             0.2595     3.7467 f
  wBlock/U1959/ZN (NAND4_X2)                            0.4035     4.1503 r
  wBlock/U3948/Z (XOR2_X2)                              0.4385     4.5888 r
  wBlock/U3947/Z (XOR2_X2)                              0.3672     4.9559 r
  wBlock/U3946/ZN (NOR2_X2)                             0.1056     5.0616 f
  wBlock/U459/ZN (AND2_X4)                              0.2549     5.3165 f
  wBlock/add_118/U1_1/S (FA_X1)                         0.6840     6.0005 f
  wBlock/add_118_3/U1_1/CO (FA_X1)                      0.5987     6.5992 f
  wBlock/add_118_3/U1_2/CO (FA_X1)                      0.5172     7.1164 f
  wBlock/add_118_3/U1_3/CO (FA_X1)                      0.5172     7.6337 f
  wBlock/add_118_3/U1_4/CO (FA_X1)                      0.5172     8.1509 f
  wBlock/add_118_3/U1_5/CO (FA_X1)                      0.5172     8.6682 f
  wBlock/add_118_3/U1_6/CO (FA_X1)                      0.5172     9.1854 f
  wBlock/add_118_3/U1_7/CO (FA_X1)                      0.5172     9.7027 f
  wBlock/add_118_3/U1_8/CO (FA_X1)                      0.5172    10.2199 f
  wBlock/add_118_3/U1_9/CO (FA_X1)                      0.5172    10.7371 f
  wBlock/add_118_3/U1_10/CO (FA_X1)                     0.5172    11.2544 f
  wBlock/add_118_3/U1_11/CO (FA_X1)                     0.5172    11.7716 f
  wBlock/add_118_3/U1_12/CO (FA_X1)                     0.5172    12.2889 f
  wBlock/add_118_3/U1_13/CO (FA_X1)                     0.5172    12.8061 f
  wBlock/add_118_3/U1_14/CO (FA_X1)                     0.5172    13.3234 f
  wBlock/add_118_3/U1_15/CO (FA_X1)                     0.5172    13.8406 f
  wBlock/add_118_3/U1_16/CO (FA_X1)                     0.5172    14.3578 f
  wBlock/add_118_3/U1_17/CO (FA_X1)                     0.5172    14.8751 f
  wBlock/add_118_3/U1_18/CO (FA_X1)                     0.5172    15.3923 f
  wBlock/add_118_3/U1_19/CO (FA_X1)                     0.5172    15.9096 f
  wBlock/add_118_3/U1_20/CO (FA_X1)                     0.5172    16.4268 f
  wBlock/add_118_3/U1_21/CO (FA_X1)                     0.5172    16.9441 f
  wBlock/add_118_3/U1_22/CO (FA_X1)                     0.5172    17.4613 f
  wBlock/add_118_3/U1_23/CO (FA_X1)                     0.5172    17.9786 f
  wBlock/add_118_3/U1_24/CO (FA_X1)                     0.5172    18.4958 f
  wBlock/add_118_3/U1_25/CO (FA_X1)                     0.5172    19.0130 f
  wBlock/add_118_3/U1_26/CO (FA_X1)                     0.5172    19.5303 f
  wBlock/add_118_3/U1_27/CO (FA_X1)                     0.5172    20.0475 f
  wBlock/add_118_3/U1_28/CO (FA_X1)                     0.5172    20.5648 f
  wBlock/add_118_3/U1_29/CO (FA_X1)                     0.5172    21.0820 f
  wBlock/add_118_3/U1_30/CO (FA_X1)                     0.5172    21.5993 f
  wBlock/add_118_3/U1_31/S (FA_X1)                      0.7378    22.3371 r
  wBlock/U6574/ZN (INV_X2)                              0.0610    22.3980 f
  wBlock/U1955/ZN (OAI22_X2)                            0.3379    22.7359 r
  wBlock/U6346/ZN (AND2_X1)                             0.5445    23.2804 r
  wBlock/U6562/ZN (AOI21_X1)                            0.1633    23.4436 f
  wBlock/U673/ZN (OAI22_X2)                             0.1976    23.6412 r
  wBlock/w_vector_reg[607]/D (DFF_X1)                   0.0000    23.6412 r
  data arrival time                                               23.6412

  clock clk (rise edge)                                24.0000    24.0000
  clock network delay (ideal)                           0.0000    24.0000
  clock uncertainty                                    -0.0500    23.9500
  wBlock/w_vector_reg[607]/CK (DFF_X1)                  0.0000    23.9500 r
  library setup time                                   -0.2686    23.6814
  data required time                                              23.6814
  --------------------------------------------------------------------------
  data required time                                              23.6814
  data arrival time                                              -23.6412
  --------------------------------------------------------------------------
  slack (MET)                                                      0.0402


1
