Information: Updating design information... (UID-85)
Warning: Design 'MyDesign' contains 1 high-fanout nets. A fanout number of 1000 will be used for delay calculations involving these nets. (TIM-134)
 
****************************************
Report : timing
        -path full
        -delay min
        -max_paths 1
Design : MyDesign
Version: K-2015.06-SP1
Date   : Sat Nov 24 18:43:36 2018
****************************************

 # A fanout number of 1000 was used for high fanout net computations.

Operating Conditions: fast   Library: NangateOpenCellLibrary_PDKv1_2_v2008_10_fast_nldm
Wire Load Model Mode: top

  Startpoint: wkCounter/read_address_reg[0]
              (rising edge-triggered flip-flop clocked by clk)
  Endpoint: wkCounter/read_address_reg[0]
            (rising edge-triggered flip-flop clocked by clk)
  Path Group: clk
  Path Type: min

  Point                                                   Incr       Path
  --------------------------------------------------------------------------
  clock clk (rise edge)                                 0.0000     0.0000
  clock network delay (ideal)                           0.0000     0.0000
  wkCounter/read_address_reg[0]/CK (DFF_X2)             0.0000 #   0.0000 r
  wkCounter/read_address_reg[0]/QN (DFF_X2)             0.0548     0.0548 f
  wkCounter/U15/ZN (NAND2_X2)                           0.0150     0.0698 r
  wkCounter/U13/ZN (NAND2_X2)                           0.0103     0.0801 f
  wkCounter/read_address_reg[0]/D (DFF_X2)              0.0000     0.0801 f
  data arrival time                                                0.0801

  clock clk (rise edge)                                 0.0000     0.0000
  clock network delay (ideal)                           0.0000     0.0000
  clock uncertainty                                     0.0500     0.0500
  wkCounter/read_address_reg[0]/CK (DFF_X2)             0.0000     0.0500 r
  library hold time                                     0.0004     0.0504
  data required time                                               0.0504
  --------------------------------------------------------------------------
  data required time                                               0.0504
  data arrival time                                               -0.0801
  --------------------------------------------------------------------------
  slack (MET)                                                      0.0297


1
