 
****************************************
Report : timing
        -path full
        -delay max
        -max_paths 1
Design : MyDesign
Version: K-2015.06-SP1
Date   : Sat Nov 24 12:39:34 2018
****************************************

 # A fanout number of 1000 was used for high fanout net computations.

Operating Conditions: slow   Library: NangateOpenCellLibrary_PDKv1_2_v2008_10_slow_nldm
Wire Load Model Mode: top

  Startpoint: wkCounter/read_address_reg[3]
              (rising edge-triggered flip-flop clocked by clk)
  Endpoint: wBlock/w_vector_reg[1023]
            (rising edge-triggered flip-flop clocked by clk)
  Path Group: clk
  Path Type: max

  Point                                                   Incr       Path
  --------------------------------------------------------------------------
  clock clk (rise edge)                                 0.0000     0.0000
  clock network delay (ideal)                           0.0000     0.0000
  wkCounter/read_address_reg[3]/CK (DFF_X2)             0.0000 #   0.0000 r
  wkCounter/read_address_reg[3]/QN (DFF_X2)             0.3320     0.3320 f
  wkCounter/U10/ZN (INV_X4)                             0.1336     0.4656 r
  wkCounter/read_address[3] (counter_wk_1)              0.0000     0.4656 r
  wBlock/w_vector_index[3] (w64)                        0.0000     0.4656 r
  wBlock/U1820/ZN (INV_X16)                             0.0544     0.5200 f
  wBlock/U8/ZN (NAND2_X1)                               0.2423     0.7623 r
  wBlock/U968/ZN (INV_X4)                               0.1094     0.8718 f
  wBlock/U236/ZN (AND2_X4)                              0.3136     1.1853 f
  wBlock/U2049/ZN (INV_X4)                              0.5830     1.7683 r
  wBlock/U1469/ZN (OAI221_X2)                           0.2413     2.0096 f
  wBlock/U3314/ZN (NOR4_X2)                             0.4685     2.4781 r
  wBlock/U2752/ZN (NAND4_X2)                            0.1727     2.6508 f
  wBlock/U389/ZN (INV_X4)                               0.0834     2.7342 r
  wBlock/U388/ZN (NAND2_X2)                             0.0455     2.7797 f
  wBlock/U1081/ZN (NAND2_X2)                            0.1264     2.9061 r
  wBlock/U298/ZN (INV_X2)                               0.0443     2.9505 f
  wBlock/U523/ZN (NAND2_X2)                             0.0775     3.0280 r
  wBlock/U524/ZN (NAND2_X2)                             0.0718     3.0998 f
  wBlock/U1542/ZN (NAND2_X2)                            0.1360     3.2358 r
  wBlock/U754/ZN (INV_X4)                               0.0532     3.2890 f
  wBlock/U605/ZN (NOR2_X2)                              0.1566     3.4456 r
  wBlock/U3452/ZN (OAI22_X2)                            0.1404     3.5859 f
  wBlock/U1216/ZN (INV_X4)                              0.0911     3.6771 r
  wBlock/U1222/ZN (NOR2_X4)                             0.0379     3.7150 f
  wBlock/U1428/ZN (OR2_X4)                              0.2409     3.9559 f
  wBlock/U1821/ZN (NOR2_X2)                             0.1262     4.0821 r
  wBlock/U3738/ZN (OAI22_X2)                            0.1247     4.2068 f
  wBlock/U3882/ZN (NOR2_X2)                             0.1197     4.3266 r
  wBlock/U562/ZN (OR2_X2)                               0.1366     4.4632 r
  wBlock/U563/ZN (NAND2_X2)                             0.0592     4.5224 f
  wBlock/U383/ZN (AND2_X4)                              0.1832     4.7056 f
  wBlock/U1605/ZN (OR2_X4)                              0.2405     4.9461 f
  wBlock/U4134/ZN (NOR2_X2)                             0.1262     5.0723 r
  wBlock/U4135/ZN (OAI22_X2)                            0.1212     5.1935 f
  wBlock/U2852/ZN (INV_X1)                              0.2093     5.4029 r
  wBlock/U4238/ZN (OAI22_X2)                            0.1244     5.5273 f
  wBlock/U2853/ZN (INV_X1)                              0.2093     5.7366 r
  wBlock/U4307/ZN (OAI22_X2)                            0.1244     5.8611 f
  wBlock/U2856/ZN (INV_X1)                              0.2067     6.0678 r
  wBlock/U4412/ZN (OAI22_X2)                            0.1244     6.1922 f
  wBlock/U2857/ZN (INV_X1)                              0.2630     6.4552 r
  wBlock/U1364/ZN (OAI22_X2)                            0.1464     6.6016 f
  wBlock/U1585/ZN (INV_X4)                              0.0871     6.6887 r
  wBlock/U1063/ZN (NOR2_X4)                             0.0377     6.7263 f
  wBlock/U1353/ZN (OR2_X4)                              0.2356     6.9619 f
  wBlock/U1633/ZN (OR2_X4)                              0.2455     7.2074 f
  wBlock/U1346/ZN (AOI22_X2)                            0.3385     7.5459 r
  wBlock/U374/ZN (INV_X2)                               0.0593     7.6052 f
  wBlock/U4736/ZN (NOR2_X2)                             0.1281     7.7333 r
  wBlock/U4737/ZN (OAI22_X2)                            0.1210     7.8543 f
  wBlock/U1563/ZN (INV_X2)                              0.1396     7.9939 r
  wBlock/U1548/ZN (NOR2_X4)                             0.0527     8.0466 f
  wBlock/U1607/ZN (OR2_X4)                              0.2397     8.2863 f
  wBlock/U4839/ZN (NOR2_X2)                             0.1262     8.4125 r
  wBlock/U4840/ZN (OAI22_X2)                            0.1212     8.5337 f
  wBlock/U2850/ZN (INV_X1)                              0.2029     8.7366 r
  wBlock/U4912/ZN (OAI22_X2)                            0.1301     8.8667 f
  wBlock/U11181/ZN (NOR2_X2)                            0.1182     8.9848 r
  wBlock/U568/ZN (OR2_X1)                               0.1611     9.1460 r
  wBlock/U569/ZN (NAND2_X2)                             0.0708     9.2168 f
  wBlock/U2858/ZN (INV_X1)                              0.1787     9.3954 r
  wBlock/U11215/ZN (OAI22_X2)                           0.1244     9.5199 f
  wBlock/U2859/ZN (INV_X1)                              0.2093     9.7292 r
  wBlock/U11220/ZN (OAI22_X2)                           0.1244     9.8536 f
  wBlock/U2848/ZN (INV_X1)                              0.2630    10.1166 r
  wBlock/U12276/ZN (OAI22_X2)                           0.1360    10.2526 f
  wBlock/U12280/ZN (NOR2_X2)                            0.1641    10.4168 r
  wBlock/U343/ZN (OR2_X1)                               0.1776    10.5944 r
  wBlock/U546/ZN (NAND2_X2)                             0.0636    10.6580 f
  wBlock/U1609/ZN (OR2_X4)                              0.2491    10.9071 f
  wBlock/U20/ZN (AOI22_X4)                              0.3147    11.2218 r
  wBlock/U342/ZN (INV_X1)                               0.0832    11.3050 f
  wBlock/U975/ZN (INV_X2)                               0.1180    11.4230 r
  wBlock/U12386/ZN (OAI22_X2)                           0.0956    11.5186 f
  wBlock/U2039/ZN (INV_X4)                              0.0820    11.6006 r
  wBlock/U1631/ZN (NAND2_X2)                            0.0470    11.6477 f
  wBlock/U2041/ZN (AOI22_X2)                            0.3806    12.0283 r
  wBlock/U680/ZN (INV_X4)                               0.0480    12.0763 f
  wBlock/U12390/ZN (NOR2_X2)                            0.1139    12.1902 r
  wBlock/U28/ZN (OR2_X2)                                0.1583    12.3484 r
  wBlock/U27/ZN (NAND2_X2)                              0.0634    12.4118 f
  wBlock/U1321/ZN (INV_X2)                              0.0744    12.4862 r
  wBlock/U1279/ZN (INV_X4)                              0.0375    12.5237 f
  wBlock/U1219/Z (XOR2_X2)                              0.2956    12.8193 f
  wBlock/U13016/ZN (INV_X4)                             0.0843    12.9036 r
  wBlock/U1896/ZN (NOR2_X2)                             0.0473    12.9509 f
  wBlock/U13018/ZN (OAI22_X2)                           0.3083    13.2592 r
  wBlock/U13020/ZN (NOR2_X2)                            0.0857    13.3449 f
  wBlock/U13021/ZN (OAI22_X2)                           0.3265    13.6713 r
  wBlock/U15258/ZN (NOR2_X2)                            0.0857    13.7570 f
  wBlock/U15259/ZN (OAI22_X2)                           0.3265    14.0835 r
  wBlock/U2847/ZN (NOR2_X2)                             0.0970    14.1805 f
  wBlock/U15263/ZN (OAI22_X2)                           0.3108    14.4913 r
  wBlock/U15727/ZN (NOR2_X2)                            0.0847    14.5760 f
  wBlock/U15728/ZN (OAI22_X2)                           0.3274    14.9035 r
  wBlock/U2684/ZN (XNOR2_X2)                            0.3393    15.2428 r
  wBlock/U2141/ZN (XNOR2_X2)                            0.1088    15.3516 f
  wBlock/U15793/ZN (NAND2_X2)                           0.1171    15.4687 r
  wBlock/U1913/ZN (INV_X4)                              0.0656    15.5343 f
  wBlock/U1448/ZN (INV_X4)                              0.1651    15.6994 r
  wBlock/U1152/ZN (NOR2_X1)                             0.0800    15.7794 f
  wBlock/U1151/ZN (OR3_X2)                              0.2944    16.0739 f
  wBlock/w_vector_reg[1023]/D (DFF_X2)                  0.0000    16.0739 f
  data arrival time                                               16.0739

  clock clk (rise edge)                                15.0000    15.0000
  clock network delay (ideal)                           0.0000    15.0000
  clock uncertainty                                    -0.0500    14.9500
  wBlock/w_vector_reg[1023]/CK (DFF_X2)                 0.0000    14.9500 r
  library setup time                                   -0.3120    14.6380
  data required time                                              14.6380
  --------------------------------------------------------------------------
  data required time                                              14.6380
  data arrival time                                              -16.0739
  --------------------------------------------------------------------------
  slack (VIOLATED)                                                -1.4359


1
