 
****************************************
Report : timing
        -path full
        -delay max
        -max_paths 1
Design : MyDesign
Version: K-2015.06-SP1
Date   : Wed Nov 21 16:42:31 2018
****************************************

 # A fanout number of 1000 was used for high fanout net computations.

Operating Conditions: slow   Library: NangateOpenCellLibrary_PDKv1_2_v2008_10_slow_nldm
Wire Load Model Mode: top

  Startpoint: wkCounter/read_address_reg[5]
              (rising edge-triggered flip-flop clocked by clk)
  Endpoint: wBlock/w_vector_reg[1982]
            (rising edge-triggered flip-flop clocked by clk)
  Path Group: clk
  Path Type: max

  Point                                                   Incr       Path
  --------------------------------------------------------------------------
  clock clk (rise edge)                                 0.0000     0.0000
  clock network delay (ideal)                           0.0000     0.0000
  wkCounter/read_address_reg[5]/CK (DFF_X2)             0.0000 #   0.0000 r
  wkCounter/read_address_reg[5]/QN (DFF_X2)             0.4108     0.4108 r
  wkCounter/U5/ZN (INV_X4)                              0.0484     0.4592 f
  wkCounter/read_address[5] (counter_wk_1)              0.0000     0.4592 f
  wBlock/w_vector_index[5] (w64)                        0.0000     0.4592 f
  wBlock/U2403/ZN (INV_X4)                              0.1354     0.5946 r
  wBlock/U1612/ZN (NAND2_X2)                            0.0886     0.6832 f
  wBlock/U2883/ZN (INV_X4)                              0.0631     0.7463 r
  wBlock/U1900/ZN (AND2_X4)                             0.2457     0.9920 r
  wBlock/U2931/ZN (NAND2_X2)                            0.1067     1.0986 f
  wBlock/U2447/ZN (INV_X4)                              0.5452     1.6438 r
  wBlock/U717/ZN (INV_X4)                               0.2027     1.8465 f
  wBlock/U5644/ZN (OAI221_X2)                           0.2685     2.1149 r
  wBlock/U5647/ZN (NOR4_X2)                             0.1837     2.2987 f
  wBlock/U710/ZN (NAND4_X2)                             0.3073     2.6060 r
  wBlock/U5680/ZN (NAND2_X2)                            0.0918     2.6978 f
  wBlock/U5681/ZN (INV_X4)                              0.0867     2.7844 r
  wBlock/U5682/ZN (NAND2_X2)                            0.0525     2.8369 f
  wBlock/U1387/ZN (AND2_X2)                             0.2306     3.0675 f
  wBlock/U681/ZN (OAI221_X2)                            0.4928     3.5604 r
  wBlock/U5879/ZN (NAND2_X2)                            0.1071     3.6675 f
  wBlock/U536/ZN (AND4_X2)                              0.3305     3.9980 f
  wBlock/U1570/ZN (OAI22_X2)                            0.3891     4.3871 r
  wBlock/U706/ZN (AOI221_X2)                            0.2238     4.6109 f
  wBlock/U1560/ZN (INV_X4)                              0.1306     4.7415 r
  wBlock/U1688/ZN (NAND2_X4)                            0.0846     4.8261 f
  wBlock/U1687/ZN (NAND3_X4)                            0.1190     4.9451 r
  wBlock/U537/ZN (NAND2_X2)                             0.0707     5.0158 f
  wBlock/U6339/ZN (NAND4_X2)                            0.1915     5.2073 r
  wBlock/U6340/ZN (INV_X4)                              0.0635     5.2708 f
  wBlock/U1564/ZN (OAI22_X2)                            0.3831     5.6539 r
  wBlock/U1607/ZN (AOI221_X2)                           0.2276     5.8815 f
  wBlock/U10037/ZN (NAND2_X2)                           0.1321     6.0136 r
  wBlock/U10038/ZN (NAND2_X2)                           0.0591     6.0727 f
  wBlock/U10041/ZN (NAND2_X2)                           0.1091     6.1818 r
  wBlock/U10148/ZN (NAND2_X2)                           0.0746     6.2564 f
  wBlock/U10149/ZN (OAI22_X2)                           0.3009     6.5573 r
  wBlock/U1535/ZN (INV_X2)                              0.0517     6.6090 f
  wBlock/U1554/ZN (AND3_X4)                             0.3496     6.9585 f
  wBlock/U1378/ZN (OAI221_X4)                           0.2228     7.1814 r
  wBlock/U1421/ZN (NOR2_X4)                             0.0842     7.2656 f
  wBlock/U10265/ZN (OAI22_X2)                           0.3575     7.6231 r
  wBlock/U1211/ZN (NOR2_X2)                             0.0984     7.7215 f
  wBlock/U1584/ZN (OAI22_X1)                            0.4535     8.1750 r
  wBlock/U1085/ZN (INV_X2)                              0.1044     8.2795 f
  wBlock/U10417/ZN (OAI22_X2)                           0.2073     8.4868 r
  wBlock/U10490/ZN (NOR2_X2)                            0.0857     8.5725 f
  wBlock/U10491/ZN (OAI22_X2)                           0.3409     8.9133 r
  wBlock/U1244/ZN (NOR2_X2)                             0.1257     9.0390 f
  wBlock/U1602/ZN (OAI22_X2)                            0.3821     9.4211 r
  wBlock/U12717/ZN (INV_X4)                             0.0869     9.5080 f
  wBlock/U1676/ZN (NOR2_X4)                             0.1145     9.6225 r
  wBlock/U1316/ZN (NOR4_X2)                             0.0920     9.7146 f
  wBlock/U1042/ZN (OAI22_X2)                            0.3746    10.0892 r
  wBlock/U1041/ZN (INV_X1)                              0.1071    10.1963 f
  wBlock/U562/ZN (AOI221_X2)                            0.4320    10.6283 r
  wBlock/U685/ZN (XNOR2_X2)                             0.3960    11.0243 r
  wBlock/U2455/ZN (XNOR2_X2)                            0.3375    11.3619 r
  wBlock/U15832/ZN (INV_X4)                             0.0682    11.4301 f
  wBlock/U610/ZN (AND2_X4)                              0.2671    11.6972 f
  wBlock/U26/ZN (INV_X2)                                0.1832    11.8804 r
  wBlock/U16872/ZN (OAI221_X2)                          0.1665    12.0469 f
  wBlock/w_vector_reg[1982]/D (DFF_X2)                  0.0000    12.0469 f
  data arrival time                                               12.0469

  clock clk (rise edge)                                10.0000    10.0000
  clock network delay (ideal)                           0.0000    10.0000
  clock uncertainty                                    -0.0500     9.9500
  wBlock/w_vector_reg[1982]/CK (DFF_X2)                 0.0000     9.9500 r
  library setup time                                   -0.3649     9.5851
  data required time                                               9.5851
  --------------------------------------------------------------------------
  data required time                                               9.5851
  data arrival time                                              -12.0469
  --------------------------------------------------------------------------
  slack (VIOLATED)                                                -2.4617


1
