Information: Updating design information... (UID-85)
Warning: Design 'MyDesign' contains 1 high-fanout nets. A fanout number of 1000 will be used for delay calculations involving these nets. (TIM-134)
 
****************************************
Report : timing
        -path full
        -delay max
        -max_paths 1
Design : MyDesign
Version: K-2015.06-SP1
Date   : Wed Nov 21 16:41:42 2018
****************************************

 # A fanout number of 1000 was used for high fanout net computations.

Operating Conditions: slow   Library: NangateOpenCellLibrary_PDKv1_2_v2008_10_slow_nldm
Wire Load Model Mode: top

  Startpoint: u12/updated_hash_reg[133]
              (rising edge-triggered flip-flop clocked by clk)
  Endpoint: u12/updated_hash_reg[159]
            (rising edge-triggered flip-flop clocked by clk)
  Path Group: clk
  Path Type: max

  Point                                                   Incr       Path
  --------------------------------------------------------------------------
  clock clk (rise edge)                                 0.0000     0.0000
  clock network delay (ideal)                           0.0000     0.0000
  u12/updated_hash_reg[133]/CK (DFF_X2)                 0.0000 #   0.0000 r
  u12/updated_hash_reg[133]/QN (DFF_X2)                 0.3320     0.3320 f
  u12/U1141/ZN (INV_X4)                                 0.0724     0.4044 r
  u12/U1157/Z (MUX2_X2)                                 0.7582     1.1626 f
  u12/U3216/ZN (OAI22_X2)                               0.3458     1.5085 r
  u12/U3217/ZN (INV_X4)                                 0.0508     1.5592 f
  u12/U2028/ZN (OAI22_X2)                               0.1790     1.7383 r
  u12/U2063/ZN (AOI221_X2)                              0.1752     1.9135 f
  u12/U673/ZN (OAI22_X2)                                0.2599     2.1734 r
  u12/U460/ZN (INV_X4)                                  0.0560     2.2294 f
  u12/U1022/ZN (OAI22_X2)                               0.3286     2.5580 r
  u12/U1001/ZN (XNOR2_X2)                               0.3393     2.8974 r
  u12/U1172/ZN (XNOR2_X2)                               0.2961     3.1935 r
  u12/U869/ZN (OR2_X2)                                  0.1666     3.3601 r
  u12/U870/ZN (AOI22_X2)                                0.0869     3.4470 f
  u12/U113/ZN (INV_X1)                                  0.1409     3.5879 r
  u12/U1237/ZN (INV_X1)                                 0.0528     3.6406 f
  u12/U1593/ZN (NAND2_X1)                               0.1189     3.7595 r
  u12/U1837/ZN (NAND2_X2)                               0.0918     3.8513 f
  u12/U776/Z (XOR2_X1)                                  0.2758     4.1271 f
  u12/U1650/ZN (OR2_X1)                                 0.2282     4.3553 f
  u12/U1649/ZN (AOI22_X2)                               0.3519     4.7071 r
  u12/U2029/ZN (INV_X4)                                 0.0580     4.7651 f
  u12/U1054/ZN (AOI22_X4)                               0.3542     5.1193 r
  u12/U282/ZN (NOR2_X1)                                 0.1117     5.2310 f
  u12/U283/ZN (NOR2_X1)                                 0.2043     5.4353 r
  u12/U3331/ZN (OAI22_X2)                               0.1306     5.5659 f
  u12/U3332/ZN (INV_X4)                                 0.0811     5.6469 r
  u12/U674/ZN (OAI22_X2)                                0.0747     5.7216 f
  u12/U3335/ZN (INV_X4)                                 0.0899     5.8115 r
  u12/U1152/ZN (OAI22_X2)                               0.0942     5.9057 f
  u12/U932/ZN (AOI22_X2)                                0.3584     6.2641 r
  u12/U3339/ZN (OAI22_X2)                               0.1761     6.4403 f
  u12/U1440/ZN (AOI22_X2)                               0.4221     6.8624 r
  u12/U3342/ZN (OAI22_X2)                               0.1733     7.0357 f
  u12/U1017/ZN (AOI22_X2)                               0.4175     7.4532 r
  u12/U3345/ZN (OAI22_X2)                               0.1782     7.6314 f
  u12/U3346/ZN (INV_X4)                                 0.0885     7.7199 r
  u12/U3348/ZN (OAI22_X2)                               0.0934     7.8134 f
  u12/U2075/ZN (AOI22_X2)                               0.2765     8.0898 r
  u12/U3351/ZN (OAI22_X2)                               0.1604     8.2503 f
  u12/U1592/ZN (AOI22_X2)                               0.3564     8.6067 r
  u12/U770/ZN (INV_X4)                                  0.0628     8.6695 f
  u12/U687/ZN (AOI22_X4)                                0.3250     8.9945 r
  u12/U749/ZN (XNOR2_X2)                                0.3365     9.3310 r
  u12/U750/ZN (INV_X4)                                  0.0725     9.4035 f
  u12/U1494/ZN (XNOR2_X2)                               0.1950     9.5985 r
  u12/U4241/Z (XOR2_X2)                                 0.4181    10.0166 r
  u12/U861/ZN (NOR2_X1)                                 0.1351    10.1517 f
  u12/U4245/ZN (OAI22_X2)                               0.3772    10.5289 r
  u12/U875/ZN (INV_X4)                                  0.0489    10.5778 f
  u12/U4247/ZN (OAI22_X2)                               0.3201    10.8979 r
  u12/U1381/ZN (NAND2_X2)                               0.1141    11.0120 f
  u12/U999/ZN (INV_X4)                                  0.0809    11.0929 r
  u12/U927/ZN (NOR2_X2)                                 0.0424    11.1354 f
  u12/U4250/ZN (OAI22_X2)                               0.3618    11.4972 r
  u12/U4251/ZN (NOR3_X2)                                0.1046    11.6017 f
  u12/U4252/ZN (NOR2_X2)                                0.1474    11.7491 r
  u12/U376/ZN (OAI211_X2)                               0.1356    11.8848 f
  u12/updated_hash_reg[159]/D (DFF_X2)                  0.0000    11.8848 f
  data arrival time                                               11.8848

  clock clk (rise edge)                                10.0000    10.0000
  clock network delay (ideal)                           0.0000    10.0000
  clock uncertainty                                    -0.0500     9.9500
  u12/updated_hash_reg[159]/CK (DFF_X2)                 0.0000     9.9500 r
  library setup time                                   -0.3348     9.6152
  data required time                                               9.6152
  --------------------------------------------------------------------------
  data required time                                               9.6152
  data arrival time                                              -11.8848
  --------------------------------------------------------------------------
  slack (VIOLATED)                                                -2.2695


1
